[perf] torch thread config: num_threads=20 interop_threads=8 cpu_count=28
[INFO] model workspace cleanup skipped for side=US (sb3_clean_models_before_train=false).
=== TRAIN SIDE US (models_subdir='scenario_battaglia_cittadina_2_1/side_US') ===
=== TRAIN PHASE 1/2 side=US scenario=battaglia_cittadina_2_1 episodes=300 timesteps=90000 curriculum_stage=SIMPLE ===
Curriculum warmup: forcing CAPTURE intent for phase 1.
Using DummyVecEnv with num_envs=1
Using cpu device
Logging to C:\repos\python\assault\models\scenario_battaglia_cittadina_2_1\side_US\runs\sb3_20260629T060254Z\PPO_1
---------------------------------
| rollout/           |          |
|    ep_len_mean     | 44       |
|    ep_rew_mean     | -51.8    |
| time/              |          |
|    fps             | 52       |
|    iterations      | 1        |
|    time_elapsed    | 19       |
|    total_timesteps | 1024     |
---------------------------------
---------------------------------------
| rollout/                |           |
|    ep_len_mean          | 42.5      |
|    ep_rew_mean          | -49.3     |
| time/                   |           |
|    fps                  | 35        |
|    iterations           | 2         |
|    time_elapsed         | 57        |
|    total_timesteps      | 2048      |
| train/                  |           |
|    approx_kl            | 0.0192152 |
|    clip_fraction        | 0.471     |
|    clip_range           | 0.12      |
|    entropy_loss         | -6.32     |
|    explained_variance   | 0.0306    |
|    learning_rate        | 0.00012   |
|    loss                 | 1.31      |
|    n_updates            | 6         |
|    policy_gradient_loss | -0.0564   |
|    value_loss           | 2.25      |
---------------------------------------
-----------------------------------------
| rollout/                |             |
|    ep_len_mean          | 42          |
|    ep_rew_mean          | -48.3       |
| time/                   |             |
|    fps                  | 26          |
|    iterations           | 3           |
|    time_elapsed         | 114         |
|    total_timesteps      | 3072        |
| train/                  |             |
|    approx_kl            | 0.025863511 |
|    clip_fraction        | 0.445       |
|    clip_range           | 0.12        |
|    entropy_loss         | -6.32       |
|    explained_variance   | 0.68        |
|    learning_rate        | 0.00012     |
|    loss                 | -0.011      |
|    n_updates            | 12          |
|    policy_gradient_loss | -0.0676     |
|    value_loss           | 0.661       |
-----------------------------------------
